// Jest Snapshot v1, https://goo.gl/fbAQLP

exports[`HookApp SnapShot 1`] = `
<div>
  <h1>
    Hook App
  </h1>
</div>
`;
